// Vitest Snapshot v1, https://vitest.dev/guide/snapshot.html

exports[`AppForm > renders a form with the CSRF token added > expected html 1`] = `"<form method="post" action="/" data-discover="true"><input type="hidden" name="_csrf" value="00000000-0000-0000-0000-000000000000">This is a test</form>"`;
