// Vitest Snapshot v1, https://vitest.dev/guide/snapshot.html

exports[`LanguageSwitcher > should render a LanguageSwitcher with the correct props > expected html 1`] = `"<a lang="en" class="text-slate-700 underline hover:text-blue-700 focus:text-blue-700" href="/en/public" data-discover="true">English</a>"`;
