// Vitest Snapshot v1, https://vitest.dev/guide/snapshot.html

exports[`PageDetails > should render the pageid, app version, and date modified > expected html 1`] = `"<section class="mb-8 mt-16"><h2 class="sr-only">gcweb:page-details.page-details</h2><dl id="wb-dtmd" class="space-y-1"><div class="flex gap-2"><dt>gcweb:page-details.screen-id</dt><dd><span property="identifier">PUBL-0001</span></dd></div><div class="flex gap-2"><dt>gcweb:page-details.date-modfied</dt><dd><time property="dateModified">2000-01-01</time></dd></div><div class="flex gap-2"><dt>gcweb:page-details.version</dt><dd><span property="version">0.0.0</span></dd></div></dl></section>"`;
