// Vitest Snapshot v1, https://vitest.dev/guide/snapshot.html

exports[`ErrorSummary > should not render an error summary when errors are undefined > expected html 1`] = `""`;

exports[`ErrorSummary > should not render an error summary when there are no errors > expected html 1`] = `""`;

exports[`ErrorSummary > should render an error summary with 1 error > expected html 1`] = `"<section class="my-5 border-4 border-red-600 p-4" tabindex="-1" role="alert"><h2 class="font-lato text-lg font-semibold">gcweb:error-summary.header</h2><ul class="mt-1.5 list-disc space-y-2 pl-7"><li class="text-red-700 underline">Test error 1</li></ul></section>"`;

exports[`ErrorSummary > should render an error summary with 2 errors > expected html 1`] = `"<section class="my-5 border-4 border-red-600 p-4" tabindex="-1" role="alert"><h2 class="font-lato text-lg font-semibold">gcweb:error-summary.header</h2><ul class="mt-1.5 list-disc space-y-2 pl-7"><li class="text-red-700 underline">Test error 1</li><li class="text-red-700 underline">Test error 2</li></ul></section>"`;
