// Vitest Snapshot v1, https://vitest.dev/guide/snapshot.html

exports[`Menu > should correctly render a Menu with a MenuItem when the file property is provided > expected html 1`] = `"<button type="button" id="radix-:r0:" aria-haspopup="menu" aria-expanded="false" data-state="closed" class="flex flex-nowrap space-x-2 rounded-b-md border-x border-b border-slate-700 bg-slate-700 px-4 py-2 text-lg text-white hover:bg-slate-800 hover:underline focus:outline-none focus:ring-2 focus:ring-black focus:ring-offset-2 aria-expanded:bg-slate-900 aria-expanded:text-white"><span id="menu-label">gcweb:app.menu</span><svg xmlns="http://www.w3.org/2000/svg" viewBox="0 0 512 512" class="my-auto size-5 fill-current"><path d="M233.4 406.6c12.5 12.5 32.8 12.5 45.3 0l192-192c12.5-12.5 12.5-32.8 0-45.3s-32.8-12.5-45.3 0L256 338.7 86.6 169.4c-12.5-12.5-32.8-12.5-45.3 0s-12.5 32.8 0 45.3l192 192z"></path></svg></button>"`;

exports[`Menu > should correctly render a Menu with a MenuItem when the to property is provided > expected html 1`] = `"<button type="button" id="radix-:r2:" aria-haspopup="menu" aria-expanded="false" data-state="closed" class="flex flex-nowrap space-x-2 rounded-b-md border-x border-b border-slate-700 bg-slate-700 px-4 py-2 text-lg text-white hover:bg-slate-800 hover:underline focus:outline-none focus:ring-2 focus:ring-black focus:ring-offset-2 aria-expanded:bg-slate-900 aria-expanded:text-white"><span id="menu-label">gcweb:app.menu</span><svg xmlns="http://www.w3.org/2000/svg" viewBox="0 0 512 512" class="my-auto size-5 fill-current"><path d="M233.4 406.6c12.5 12.5 32.8 12.5 45.3 0l192-192c12.5-12.5 12.5-32.8 0-45.3s-32.8-12.5-45.3 0L256 338.7 86.6 169.4c-12.5-12.5-32.8-12.5-45.3 0s-12.5 32.8 0 45.3l192 192z"></path></svg></button>"`;
