// Vitest Snapshot v1, https://vitest.dev/guide/snapshot.html

exports[`SkipNavigationLinks > renders skip links > expected html 1`] = `"<div id="skip-to-content"><a href="#wb-cont" data-testid="skip-to-content" class="absolute z-10 mx-2 -translate-y-full p-2 transition-all focus:mt-2 focus:translate-y-0">gcweb:nav.skip-to-content</a><a href="#wb-info" data-testid="skip-to-about" class="absolute z-10 mx-2 -translate-y-full p-2 transition-all focus:mt-2 focus:translate-y-0">gcweb:nav.skip-to-about</a></div>"`;
