// Vitest Snapshot v1, https://vitest.dev/guide/snapshot.html

exports[`SkipNavigationLinks > renders skip links > expected html 1`] = `"<div id="skip-to-content"><a class="font-lato inline-flex items-center justify-center rounded-sm border align-middle no-underline outline-offset-4 px-5 py-2.5 text-sm border-slate-700 bg-slate-700 text-white hover:bg-sky-800 focus:bg-sky-800 absolute z-10 mx-2 -translate-y-full transition-all focus:mt-2 focus:translate-y-0" href="/fr/public#wb-cont" data-discover="true">gcweb:nav.skip-to-content</a><a class="font-lato inline-flex items-center justify-center rounded-sm border align-middle no-underline outline-offset-4 px-5 py-2.5 text-sm border-slate-700 bg-slate-700 text-white hover:bg-sky-800 focus:bg-sky-800 absolute z-10 mx-2 -translate-y-full transition-all focus:mt-2 focus:translate-y-0" href="/fr/public#wb-info" data-discover="true">gcweb:nav.skip-to-about</a></div>"`;
